// Jest Snapshot v1, https://goo.gl/fbAQLP

exports[`matches snapshot 1`] = `
<div
  className="custom-button"
>
  <button
    data-testid="button"
  >
    Click Button
  </button>
</div>
`;
